// Vitest Snapshot v1, https://vitest.dev/guide/snapshot.html

exports[`parse function > parses notes correctly 1`] = `
[
  Section {
    "content": [
      {
        "items": [
          {
            "type": "text",
            "value": "This is a note at the beginning.",
          },
        ],
        "type": "note",
      },
      {
        "items": [
          {
            "type": "text",
            "value": "Add ",
          },
          {
            "alternatives": [
              {
                "displayName": "flour",
                "index": 0,
                "quantity": {
                  "type": "fixed",
                  "value": {
                    "decimal": 100,
                    "type": "decimal",
                  },
                },
                "scalable": true,
                "unit": {
                  "name": "g",
                },
              },
            ],
            "id": "ingredient-item-0",
            "type": "ingredient",
          },
          {
            "type": "text",
            "value": "> and this.",
          },
        ],
        "type": "step",
      },
      {
        "items": [
          {
            "type": "text",
            "value": "This is a note in the middle which continues on the next line.",
          },
        ],
        "type": "note",
      },
      {
        "items": [
          {
            "type": "text",
            "value": "Another step.",
          },
        ],
        "type": "step",
      },
      {
        "items": [
          {
            "type": "text",
            "value": "Another note on multiple lines starting with > for readability",
          },
        ],
        "type": "note",
      },
      {
        "items": [
          {
            "type": "text",
            "value": "Another note.",
          },
        ],
        "type": "note",
      },
    ],
    "name": "",
    "optional": undefined,
    "variants": undefined,
  },
  Section {
    "content": [
      {
        "items": [
          {
            "type": "text",
            "value": "A final note at the end of the recipe.",
          },
        ],
        "type": "note",
      },
    ],
    "name": "Section directly after note",
    "optional": undefined,
    "variants": undefined,
  },
]
`;
